// load the shared library
 
 
exec loader.sce ;
shared archive loaded
 
 
// run tests

a = [1 2 3 4 5 6];                                                      
out = eops(a);                                                          
                                                                        
assert_checkequal(out, [21. 3.5 6. 1.]);
